// Jest Snapshot v1, https://goo.gl/fbAQLP

exports[`DeviceButton when props are supplied renders correctly 1`] = `
<button
  className="MuiButtonBase-root MuiButton-root button1 MuiButton-contained MuiButton-fullWidth"
  disabled={false}
  onBlur={[Function]}
  onDragEnd={[Function]}
  onFocus={[Function]}
  onKeyDown={[Function]}
  onKeyUp={[Function]}
  onMouseDown={[Function]}
  onMouseLeave={[Function]}
  onMouseUp={[Function]}
  onTouchEnd={[Function]}
  onTouchMove={[Function]}
  onTouchStart={[Function]}
  tabIndex={0}
  type="button"
>
  <span
    className="MuiButton-label"
  >
    <p
      className="MuiTypography-root MuiTypography-body1 MuiTypography-colorTextPrimary"
    >
      Manage lights
    </p>
    <img
      alt="lights-button"
      src="../img/some_img.png"
      style={
        Object {
          "padding": "0.25rem 0.5rem",
        }
      }
    />
  </span>
</button>
`;
