// Jest Snapshot v1, https://goo.gl/fbAQLP

exports[`LightBrightnessSlider renders correctly 1`] = `
<div
  className="LightBrightnessSlider-root-1"
>
  <span
    className="MuiSlider-root MuiSlider-colorPrimary LightBrightnessSlider-slider-2 Mui-disabled"
    onMouseDown={[Function]}
  >
    <span
      className="MuiSlider-rail"
    />
    <span
      className="MuiSlider-track LightBrightnessSlider-track-3"
      style={
        Object {
          "left": "0%",
          "width": "0%",
        }
      }
    />
    <input
      type="hidden"
      value="1"
    />
    <span
      aria-orientation="horizontal"
      aria-valuemax={100}
      aria-valuemin={1}
      aria-valuenow={1}
      className="MuiSlider-thumb LightBrightnessSlider-thumb-4 MuiSlider-thumbColorPrimary"
      data-index={0}
      onBlur={[Function]}
      onFocus={[Function]}
      onKeyDown={[Function]}
      onMouseLeave={[Function]}
      onMouseOver={[Function]}
      role="slider"
      style={
        Object {
          "left": "0%",
        }
      }
      tabIndex={null}
    />
  </span>
</div>
`;

exports[`LightBrightnessSlider when light is disconnected renders correctly 1`] = `
<div
  className="LightBrightnessSlider-root-1"
>
  <span
    className="MuiSlider-root MuiSlider-colorPrimary LightBrightnessSlider-slider-2 Mui-disabled"
    onMouseDown={[Function]}
  >
    <span
      className="MuiSlider-rail"
    />
    <span
      className="MuiSlider-track LightBrightnessSlider-track-3"
      style={
        Object {
          "left": "0%",
          "width": "0%",
        }
      }
    />
    <input
      type="hidden"
      value="1"
    />
    <span
      aria-orientation="horizontal"
      aria-valuemax={100}
      aria-valuemin={1}
      aria-valuenow={1}
      className="MuiSlider-thumb LightBrightnessSlider-thumb-4 MuiSlider-thumbColorPrimary"
      data-index={0}
      onBlur={[Function]}
      onFocus={[Function]}
      onKeyDown={[Function]}
      onMouseLeave={[Function]}
      onMouseOver={[Function]}
      role="slider"
      style={
        Object {
          "left": "0%",
        }
      }
      tabIndex={null}
    />
  </span>
</div>
`;
