// Jest Snapshot v1, https://goo.gl/fbAQLP

exports[`TopRow renders correctly 1`] = `
<div
  className="MuiGrid-root MuiGrid-container MuiGrid-align-items-xs-flex-start MuiGrid-justify-xs-space-between"
>
  <div
    className="MuiGrid-root child"
  >
    <span
      className="MuiTypography-root MuiTypography-caption MuiTypography-colorTextPrimary"
    >
      <img
        align="middle"
        alt="weather-icon"
        height="48px"
        style={
          Object {
            "marginRight": "0.5rem",
          }
        }
      />
      <span>
        15°C
      </span>
    </span>
  </div>
  <div
    className="MuiGrid-root child"
  >
    <button
      className="MuiButtonBase-root MuiButton-root MuiButton-outlined MuiButton-outlinedSecondary MuiButton-sizeLarge"
      disabled={false}
      onBlur={[Function]}
      onDragLeave={[Function]}
      onFocus={[Function]}
      onKeyDown={[Function]}
      onKeyUp={[Function]}
      onMouseDown={[Function]}
      onMouseLeave={[Function]}
      onMouseUp={[Function]}
      onTouchEnd={[Function]}
      onTouchMove={[Function]}
      onTouchStart={[Function]}
      tabIndex={0}
      type="button"
    >
      <span
        className="MuiButton-label buttonLabel"
      >
        <p
          className="MuiTypography-root MuiTypography-body1 MuiTypography-colorTextPrimary"
        >
          Sign in
        </p>
      </span>
    </button>
  </div>
</div>
`;
